// Jest Snapshot v1, https://goo.gl/fbAQLP

exports[`List renders List 1`] = `
<ul
  className="list"
>
  <li
    className="item"
  >
    <div
      className="item-icon"
    >
      Go
    </div>
    <div>
      <div
        className="title"
      >
        Google
      </div>
      <div
        className="description"
      >
        My personal account
      </div>
    </div>
    <button
      className="update"
      onClick={[Function]}
    >
      Update Password
    </button>
  </li>
  <li
    className="item"
  >
    <div
      className="item-icon"
    >
      Fa
    </div>
    <div>
      <div
        className="title"
      >
        Facebook
      </div>
      <div
        className="description"
      >
        Facebook account that I manage
      </div>
    </div>
    <button
      className="update"
      onClick={[Function]}
    >
      Update Password
    </button>
  </li>
  <li
    className="item"
  >
    <div
      className="item-icon"
    >
      Gi
    </div>
    <div>
      <div
        className="title"
      >
        Github
      </div>
      <div
        className="description"
      >
        This is where I store my projects
      </div>
    </div>
    <button
      className="update"
      onClick={[Function]}
    >
      Update Password
    </button>
  </li>
  <li
    className="item"
  >
    <div
      className="item-icon"
    >
      Re
    </div>
    <div>
      <div
        className="title"
      >
        Reddit
      </div>
      <div
        className="description"
      >
        Front page of internet
      </div>
    </div>
    <button
      className="update"
      onClick={[Function]}
    >
      Update Password
    </button>
  </li>
  <li
    className="item"
  >
    <div
      className="item-icon"
    >
      Di
    </div>
    <div>
      <div
        className="title"
      >
        Discogs
      </div>
      <div
        className="description"
      >
        still waiting for new album
      </div>
    </div>
    <button
      className="update"
      onClick={[Function]}
    >
      Update Password
    </button>
  </li>
  <li
    className="item"
  >
    <div
      className="item-icon"
    >
      ke
    </div>
    <div>
      <div
        className="title"
      >
        keybr
      </div>
      <div
        className="description"
      >
        Lets practice
      </div>
    </div>
    <button
      className="update"
      onClick={[Function]}
    >
      Update Password
    </button>
  </li>
  <li
    className="item"
  >
    <div
      className="item-icon"
    >
      ha
    </div>
    <div>
      <div
        className="title"
      >
        hackaday
      </div>
      <div
        className="description"
      >
        tech news
      </div>
    </div>
    <button
      className="update"
      onClick={[Function]}
    >
      Update Password
    </button>
  </li>
  <li
    className="item"
  >
    <div
      className="item-icon"
    >
      so
    </div>
    <div>
      <div
        className="title"
      >
        soundcloud
      </div>
      <div
        className="description"
      >
        music
      </div>
    </div>
    <button
      className="update"
      onClick={[Function]}
    >
      Update Password
    </button>
  </li>
  <li
    className="item"
  >
    <div
      className="item-icon"
    >
      di
    </div>
    <div>
      <div
        className="title"
      >
        discord
      </div>
      <div
        className="description"
      >
        rumors
      </div>
    </div>
    <button
      className="update"
      onClick={[Function]}
    >
      Update Password
    </button>
  </li>
  <li
    className="item"
  >
    <div
      className="item-icon"
    >
      ai
    </div>
    <div>
      <div
        className="title"
      >
        airdroid
      </div>
      <div
        className="description"
      >
        replace android
      </div>
    </div>
    <button
      className="update"
      onClick={[Function]}
    >
      Update Password
    </button>
  </li>
</ul>
`;
