// Jest Snapshot v1, https://goo.gl/fbAQLP

exports[`Filter renders Filter 1`] = `
<div
  className="filter"
>
  <div
    className="filter-tab"
    onClick={[Function]}
  >
    Weak (4)
  </div>
  <div
    className="filter-tab"
    onClick={[Function]}
  >
    Reused (4)
  </div>
  <div
    className="filter-tab"
    onClick={[Function]}
  >
    Old (1)
  </div>
</div>
`;
